// Jest Snapshot v1, https://goo.gl/fbAQLP

exports[`Text Component matches the snapshot 1`] = `
<DocumentFragment>
  .c0 {
  color: #FF6565;
  font-size: 1.2rem;
  line-height: 2.8rem;
  margin-bottom: 1.2rem;
}

@media (min-width:769px) {
  .c0 {
    font-size: 1.8rem;
  }
}

@media (min-width:1367px) {
  .c0 {
    font-size: 2.2rem;
  }
}

<p
    class="c0"
  >
    Lorem ipsum
  </p>
</DocumentFragment>
`;
